// Jest Snapshot v1, https://goo.gl/fbAQLP

exports[`renders the Search component 1`] = `
Object {
  "asFragment": [Function],
  "baseElement": <body>
    <div>
      <div
        class="Search"
      >
        <input
          class="search-input"
          placeholder="Find Pokemon"
          type="text"
          value="char"
        />
        <select
          class="search-select"
        >
          <option
            value="all"
          >
            All
          </option>
          <option
            value="fairy"
          >
            fairy
          </option>
          <option
            value="dragon"
          >
            dragon
          </option>
        </select>
        <select
          class="search-select"
        >
          <option
            value="asc"
          >
            Ascending
          </option>
          <option
            value="desc"
          >
            Descending
          </option>
        </select>
        <button
          class="search-submit"
        >
          <img
            src="/assets/pokeball.png"
          />
        </button>
      </div>
    </div>
  </body>,
  "container": <div>
    <div
      class="Search"
    >
      <input
        class="search-input"
        placeholder="Find Pokemon"
        type="text"
        value="char"
      />
      <select
        class="search-select"
      >
        <option
          value="all"
        >
          All
        </option>
        <option
          value="fairy"
        >
          fairy
        </option>
        <option
          value="dragon"
        >
          dragon
        </option>
      </select>
      <select
        class="search-select"
      >
        <option
          value="asc"
        >
          Ascending
        </option>
        <option
          value="desc"
        >
          Descending
        </option>
      </select>
      <button
        class="search-submit"
      >
        <img
          src="/assets/pokeball.png"
        />
      </button>
    </div>
  </div>,
  "debug": [Function],
  "findAllByAltText": [Function],
  "findAllByDisplayValue": [Function],
  "findAllByLabelText": [Function],
  "findAllByPlaceholderText": [Function],
  "findAllByRole": [Function],
  "findAllByTestId": [Function],
  "findAllByText": [Function],
  "findAllByTitle": [Function],
  "findByAltText": [Function],
  "findByDisplayValue": [Function],
  "findByLabelText": [Function],
  "findByPlaceholderText": [Function],
  "findByRole": [Function],
  "findByTestId": [Function],
  "findByText": [Function],
  "findByTitle": [Function],
  "getAllByAltText": [Function],
  "getAllByDisplayValue": [Function],
  "getAllByLabelText": [Function],
  "getAllByPlaceholderText": [Function],
  "getAllByRole": [Function],
  "getAllByTestId": [Function],
  "getAllByText": [Function],
  "getAllByTitle": [Function],
  "getByAltText": [Function],
  "getByDisplayValue": [Function],
  "getByLabelText": [Function],
  "getByPlaceholderText": [Function],
  "getByRole": [Function],
  "getByTestId": [Function],
  "getByText": [Function],
  "getByTitle": [Function],
  "queryAllByAltText": [Function],
  "queryAllByDisplayValue": [Function],
  "queryAllByLabelText": [Function],
  "queryAllByPlaceholderText": [Function],
  "queryAllByRole": [Function],
  "queryAllByTestId": [Function],
  "queryAllByText": [Function],
  "queryAllByTitle": [Function],
  "queryByAltText": [Function],
  "queryByDisplayValue": [Function],
  "queryByLabelText": [Function],
  "queryByPlaceholderText": [Function],
  "queryByRole": [Function],
  "queryByTestId": [Function],
  "queryByText": [Function],
  "queryByTitle": [Function],
  "rerender": [Function],
  "unmount": [Function],
}
`;
